***********************************************************************************
*                                                                                 *
*  PPPPPPPPPPPP    L               U           U   M           M         A        *
*  P           P   L               U           U   MM         MM        A A       *
*  P           P   L               U           U   M M       M M       A   A      *
*  P           P   L               U           U   M  M     M  M      A     A     *
*  P           P   L               U           U   M   M   M   M     A       A    *
*  PPPPPPPPPPPP    L               U           U   M    M M    M    A         A   *
*  P               L               U           U   M     M     M   AAAAAAAAAAAAA  *
*  P               L               U           U   M           M   A           A  *
*  P               L               U           U   M           M   A           A  *
*  P               LLLLLLLLLLLLL    UUUUUUUUUUU    M           M   A           A  *
*                                                                                 *
*            [Plu]gin-based [M]icrobiome [A]nalysis (formerly MiAMi)              *
* (C) 2016, 2018 Bioinformatics Research Group, Florida International University  *
*    Under MIT License From Open Source Initiative (OSI), All Rights Reserved.    *
*                                                                                 *
*    Any professionally published work using PluMA should cite the following:     *
*                        T. Cickovski and G. Narasimhan.                          *
*                Constructing Lightweight and Flexible Pipelines                  *
*                 Using Plugin-Based Microbiome Analysis (PluMA)                  *
*                     Bioinformatics 34(17):2881-2888, 2018                       *
*                                                                                 *
***********************************************************************************
[PluMA] Running Plugin: AssemblyStats
assembly-stats -t plugins/AssemblyStats/example/./*.fasta
filename	total_length	number	mean_length	longest	shortest	N_count	Gaps	N50	N50n	N70	N70n	N90	N90n
plugins/AssemblyStats/example/./IDBA.fasta	0	0	0.00	0	0	0	0	0	0	0	0	0	0
plugins/AssemblyStats/example/./MegaHit.fasta	2709	8	338.62	349	324	0	0	337	4	333	6	324	8
plugins/AssemblyStats/example/./SKESA.fasta	0	0	0.00	0	0	0	0	0	0	0	0	0	0
plugins/AssemblyStats/example/./spades.fasta	67272	448	150.16	333	128	0	0	135	191	131	292	129	396
plugins/AssemblyStats/example/./Unicycler.fasta	0	0	0.00	0	0	0	0	0	0	0	0	0	0
plugins/AssemblyStats/example/./velvet.fasta	46909	260	180.42	331	101	0	0	184	110	168	164	155	222
